// Jest Snapshot v1, https://goo.gl/fbAQLP

exports[`orderHint is not respected across groups, and picked order persists 1`] = `
[
  [
    "mercury",
    "a",
  ],
  [
    "mercury",
    "a",
  ],
  [
    "a",
    "mercury",
  ],
  [
    "mercury",
    "a",
  ],
  [
    "a",
    "mercury",
  ],
  [
    "a",
    "mercury",
  ],
  [
    "a",
    "mercury",
  ],
  [
    "a",
    "mercury",
  ],
  [
    "mercury",
    "a",
  ],
  [
    "mercury",
    "a",
  ],
]
`;

exports[`orderHint is respected within groups but not across groups 1`] = `
[
  [
    "zero",
    "one",
    "two",
    "mercury",
    "venus",
    "a",
    "b",
  ],
  [
    "mercury",
    "venus",
    "zero",
    "one",
    "two",
    "a",
    "b",
  ],
  [
    "mercury",
    "venus",
    "a",
    "b",
    "zero",
    "one",
    "two",
  ],
  [
    "mercury",
    "venus",
    "zero",
    "one",
    "two",
    "a",
    "b",
  ],
  [
    "a",
    "b",
    "zero",
    "one",
    "two",
    "mercury",
    "venus",
  ],
  [
    "a",
    "b",
    "mercury",
    "venus",
    "zero",
    "one",
    "two",
  ],
  [
    "a",
    "b",
    "zero",
    "one",
    "two",
    "mercury",
    "venus",
  ],
  [
    "mercury",
    "venus",
    "a",
    "b",
    "zero",
    "one",
    "two",
  ],
  [
    "zero",
    "one",
    "two",
    "a",
    "b",
    "mercury",
    "venus",
  ],
  [
    "zero",
    "one",
    "two",
    "mercury",
    "venus",
    "a",
    "b",
  ],
]
`;
